// Vitest Snapshot v1, https://vitest.dev/guide/snapshot.html

exports[`Time Tracking API (E2E) > getAvailableTasksReport 1`] = `
[
  {
    "availableTasksByProjects": {},
    "id": "770b9f4d2a7c0e4d008da6ef",
    "totalAvailableTasks": 0,
    "user": "user_C last_C",
  },
]
`;

exports[`Time Tracking API (E2E) > getProjectProgressReport 1`] = `
[
  {
    "activeInstances": 1,
    "billedMilliseconds": 0,
    "finishedInstances": 0,
    "paused": false,
    "pendingInstances": 19,
    "priority": 100,
    "projectName": "Test_Project",
    "totalInstances": 20,
    "totalTasks": 2,
  },
]
`;

exports[`Time Tracking API (E2E) > getTimeTrackingForUser for a user other than the active user 1`] = `
[
  {
    "annotationId": "78135c192faeb34c0081c05d",
    "annotationState": "Active",
    "datasetName": "2012-06-28_Cortex",
    "datasetOrganization": "Organization_X",
    "projectName": "Test_Project3(for_annotation_mutations)",
    "taskId": "681367a82faeb37a008a5354",
    "taskTypeId": "570b9f4c2a7c0e4c008da6ff",
    "taskTypeSummary": "ek_0674_BipolarCells",
    "timeSpanCreated": 1460379659501,
    "timeSpanId": "570ba00b2a7c0e4f0056fa9e",
    "timeSpanTimeMillis": 11795,
    "userEmail": "user_C@scalableminds.com",
    "userId": "770b9f4d2a7c0e4d008da6ef",
  },
  {
    "annotationId": "78135c192faeb34c0081c05d",
    "annotationState": "Active",
    "datasetName": "2012-06-28_Cortex",
    "datasetOrganization": "Organization_X",
    "projectName": "Test_Project3(for_annotation_mutations)",
    "taskId": "681367a82faeb37a008a5354",
    "taskTypeId": "570b9f4c2a7c0e4c008da6ff",
    "taskTypeSummary": "ek_0674_BipolarCells",
    "timeSpanCreated": 1460466059501,
    "timeSpanId": "570ba00b2a7c0e4f0056fb1e",
    "timeSpanTimeMillis": 11795,
    "userEmail": "user_C@scalableminds.com",
    "userId": "770b9f4d2a7c0e4d008da6ef",
  },
  {
    "annotationId": "78135c192faeb34c0081c05d",
    "annotationState": "Active",
    "datasetName": "2012-06-28_Cortex",
    "datasetOrganization": "Organization_X",
    "projectName": "Test_Project3(for_annotation_mutations)",
    "taskId": "681367a82faeb37a008a5354",
    "taskTypeId": "570b9f4c2a7c0e4c008da6ff",
    "taskTypeSummary": "ek_0674_BipolarCells",
    "timeSpanCreated": 1460552459501,
    "timeSpanId": "570ba00b2a7c0e4f0056fc2e",
    "timeSpanTimeMillis": 11795,
    "userEmail": "user_C@scalableminds.com",
    "userId": "770b9f4d2a7c0e4d008da6ef",
  },
  {
    "annotationId": "78135c192faeb34c0081c05d",
    "annotationState": "Active",
    "datasetName": "2012-06-28_Cortex",
    "datasetOrganization": "Organization_X",
    "projectName": "Test_Project3(for_annotation_mutations)",
    "taskId": "681367a82faeb37a008a5354",
    "taskTypeId": "570b9f4c2a7c0e4c008da6ff",
    "taskTypeSummary": "ek_0674_BipolarCells",
    "timeSpanCreated": 1460638859501,
    "timeSpanId": "570ba00b2a7c0e4f0056fd3e",
    "timeSpanTimeMillis": 11795,
    "userEmail": "user_C@scalableminds.com",
    "userId": "770b9f4d2a7c0e4d008da6ef",
  },
  {
    "annotationId": "78135c192faeb34c0081c05d",
    "annotationState": "Active",
    "datasetName": "2012-06-28_Cortex",
    "datasetOrganization": "Organization_X",
    "projectName": "Test_Project3(for_annotation_mutations)",
    "taskId": "681367a82faeb37a008a5354",
    "taskTypeId": "570b9f4c2a7c0e4c008da6ff",
    "taskTypeSummary": "ek_0674_BipolarCells",
    "timeSpanCreated": 1460725259501,
    "timeSpanId": "570ba00b2a7c0e4f0056ff4e",
    "timeSpanTimeMillis": 11795,
    "userEmail": "user_C@scalableminds.com",
    "userId": "770b9f4d2a7c0e4d008da6ef",
  },
]
`;

exports[`Time Tracking API (E2E) > getTimeTrackingForUserSpans 1`] = `
[
  {
    "annotationId": "58135c402faeb34e0081c068",
    "annotationState": "Active",
    "datasetName": "2012-06-28_Cortex",
    "datasetOrganization": "Organization_X",
    "projectName": "Test_Project",
    "taskId": "581367a82faeb37a008a5352",
    "taskTypeId": "570b9f4c2a7c0e4c008da6ee",
    "taskTypeSummary": "ek_0563_BipolarCells",
    "timeSpanCreated": 1534164150423,
    "timeSpanId": "5b717cb9790000830123e1f6",
    "timeSpanTimeMillis": 1809,
    "userEmail": "user_A@scalableminds.com",
    "userId": "570b9f4d2a7c0e4d008da6ef",
  },
  {
    "annotationId": "58135c402faeb34e0081c068",
    "annotationState": "Active",
    "datasetName": "2012-06-28_Cortex",
    "datasetOrganization": "Organization_X",
    "projectName": "Test_Project",
    "taskId": "581367a82faeb37a008a5352",
    "taskTypeId": "570b9f4c2a7c0e4c008da6ee",
    "taskTypeSummary": "ek_0563_BipolarCells",
    "timeSpanCreated": 1534173221886,
    "timeSpanId": "5b71a028790000380423e22e",
    "timeSpanTimeMillis": 1591,
    "userEmail": "user_A@scalableminds.com",
    "userId": "570b9f4d2a7c0e4d008da6ef",
  },
  {
    "annotationId": "58135c402faeb34e0081c068",
    "annotationState": "Active",
    "datasetName": "2012-06-28_Cortex",
    "datasetOrganization": "Organization_X",
    "projectName": "Test_Project",
    "taskId": "581367a82faeb37a008a5352",
    "taskTypeId": "570b9f4c2a7c0e4c008da6ee",
    "taskTypeSummary": "ek_0563_BipolarCells",
    "timeSpanCreated": 1534175738759,
    "timeSpanId": "5b71aa19780000f800061b11",
    "timeSpanTimeMillis": 31107,
    "userEmail": "user_A@scalableminds.com",
    "userId": "570b9f4d2a7c0e4d008da6ef",
  },
  {
    "annotationId": "58135c402faeb34e0081c068",
    "annotationState": "Active",
    "datasetName": "2012-06-28_Cortex",
    "datasetOrganization": "Organization_X",
    "projectName": "Test_Project",
    "taskId": "581367a82faeb37a008a5352",
    "taskTypeId": "570b9f4c2a7c0e4c008da6ee",
    "taskTypeSummary": "ek_0563_BipolarCells",
    "timeSpanCreated": 1534175769866,
    "timeSpanId": "5b71aa31780000f900061b12",
    "timeSpanTimeMillis": 28959,
    "userEmail": "user_A@scalableminds.com",
    "userId": "570b9f4d2a7c0e4d008da6ef",
  },
  {
    "annotationId": "58135c402faeb34e0081c068",
    "annotationState": "Active",
    "datasetName": "2012-06-28_Cortex",
    "datasetOrganization": "Organization_X",
    "projectName": "Test_Project",
    "taskId": "581367a82faeb37a008a5352",
    "taskTypeId": "570b9f4c2a7c0e4c008da6ee",
    "taskTypeSummary": "ek_0563_BipolarCells",
    "timeSpanCreated": 1534175798825,
    "timeSpanId": "5b71aa38780000d300061b13",
    "timeSpanTimeMillis": 4790,
    "userEmail": "user_A@scalableminds.com",
    "userId": "570b9f4d2a7c0e4d008da6ef",
  },
  {
    "annotationId": "58135c402faeb34e0081c068",
    "annotationState": "Active",
    "datasetName": "2012-06-28_Cortex",
    "datasetOrganization": "Organization_X",
    "projectName": "Test_Project",
    "taskId": "581367a82faeb37a008a5352",
    "taskTypeId": "570b9f4c2a7c0e4c008da6ee",
    "taskTypeSummary": "ek_0563_BipolarCells",
    "timeSpanCreated": 1534175803615,
    "timeSpanId": "5b71aa40780000f900061b14",
    "timeSpanTimeMillis": 275,
    "userEmail": "user_A@scalableminds.com",
    "userId": "570b9f4d2a7c0e4d008da6ef",
  },
  {
    "annotationId": "58135c402faeb34e0081c068",
    "annotationState": "Active",
    "datasetName": "2012-06-28_Cortex",
    "datasetOrganization": "Organization_X",
    "projectName": "Test_Project",
    "taskId": "581367a82faeb37a008a5352",
    "taskTypeId": "570b9f4c2a7c0e4c008da6ee",
    "taskTypeSummary": "ek_0563_BipolarCells",
    "timeSpanCreated": 1534175895929,
    "timeSpanId": "5b71aab67800001101061b17",
    "timeSpanTimeMillis": 24256,
    "userEmail": "user_A@scalableminds.com",
    "userId": "570b9f4d2a7c0e4d008da6ef",
  },
  {
    "annotationId": "58135c402faeb34e0081c068",
    "annotationState": "Active",
    "datasetName": "2012-06-28_Cortex",
    "datasetOrganization": "Organization_X",
    "projectName": "Test_Project",
    "taskId": "581367a82faeb37a008a5352",
    "taskTypeId": "570b9f4c2a7c0e4c008da6ee",
    "taskTypeSummary": "ek_0563_BipolarCells",
    "timeSpanCreated": 1534176306248,
    "timeSpanId": "5b71ac507800005901061b1e",
    "timeSpanTimeMillis": 59521,
    "userEmail": "user_A@scalableminds.com",
    "userId": "570b9f4d2a7c0e4d008da6ef",
  },
  {
    "annotationId": "58135c402faeb34e0081c068",
    "annotationState": "Active",
    "datasetName": "2012-06-28_Cortex",
    "datasetOrganization": "Organization_X",
    "projectName": "Test_Project",
    "taskId": "581367a82faeb37a008a5352",
    "taskTypeId": "570b9f4c2a7c0e4c008da6ee",
    "taskTypeSummary": "ek_0563_BipolarCells",
    "timeSpanCreated": 1534176365769,
    "timeSpanId": "5b71ac7c7800007e01061b20",
    "timeSpanTimeMillis": 4622,
    "userEmail": "user_A@scalableminds.com",
    "userId": "570b9f4d2a7c0e4d008da6ef",
  },
  {
    "annotationId": "58135c402faeb34e0081c068",
    "annotationState": "Active",
    "datasetName": "2012-06-28_Cortex",
    "datasetOrganization": "Organization_X",
    "projectName": "Test_Project",
    "taskId": "581367a82faeb37a008a5352",
    "taskTypeId": "570b9f4c2a7c0e4c008da6ee",
    "taskTypeSummary": "ek_0563_BipolarCells",
    "timeSpanCreated": 1534241050172,
    "timeSpanId": "5b72a927960000e60005fb2a",
    "timeSpanTimeMillis": 46076,
    "userEmail": "user_A@scalableminds.com",
    "userId": "570b9f4d2a7c0e4d008da6ef",
  },
  {
    "annotationId": "58135c402faeb34e0081c068",
    "annotationState": "Active",
    "datasetName": "2012-06-28_Cortex",
    "datasetOrganization": "Organization_X",
    "projectName": "Test_Project",
    "taskId": "581367a82faeb37a008a5352",
    "taskTypeId": "570b9f4c2a7c0e4c008da6ee",
    "taskTypeSummary": "ek_0563_BipolarCells",
    "timeSpanCreated": 1534254896753,
    "timeSpanId": "5b72df3d9400009e0000f10f",
    "timeSpanTimeMillis": 17551,
    "userEmail": "user_A@scalableminds.com",
    "userId": "570b9f4d2a7c0e4d008da6ef",
  },
  {
    "annotationId": "58135c402faeb34e0081c068",
    "annotationState": "Active",
    "datasetName": "2012-06-28_Cortex",
    "datasetOrganization": "Organization_X",
    "projectName": "Test_Project",
    "taskId": "581367a82faeb37a008a5352",
    "taskTypeId": "570b9f4c2a7c0e4c008da6ee",
    "taskTypeSummary": "ek_0563_BipolarCells",
    "timeSpanCreated": 1534254914304,
    "timeSpanId": "5b72df4b9400009e0000f110",
    "timeSpanTimeMillis": 33636,
    "userEmail": "user_A@scalableminds.com",
    "userId": "570b9f4d2a7c0e4d008da6ef",
  },
  {
    "annotationId": "58135c402faeb34e0081c068",
    "annotationState": "Active",
    "datasetName": "2012-06-28_Cortex",
    "datasetOrganization": "Organization_X",
    "projectName": "Test_Project",
    "taskId": "581367a82faeb37a008a5352",
    "taskTypeId": "570b9f4c2a7c0e4c008da6ee",
    "taskTypeSummary": "ek_0563_BipolarCells",
    "timeSpanCreated": 1534254947940,
    "timeSpanId": "5b72df70940000eb0000f113",
    "timeSpanTimeMillis": 10826,
    "userEmail": "user_A@scalableminds.com",
    "userId": "570b9f4d2a7c0e4d008da6ef",
  },
]
`;
